Command line invocation:
    /Applications/Xcode.app/Contents/Developer/usr/bin/xcodebuild -scheme QuickMathsAR -destination "platform=iOS Simulator,name=iPhone 16,OS=18.2" build

Resolve Package Graph
2026-02-14 11:41:05.756 xcodebuild[7391:123930] [MT] IDERunDestination: Supported platforms for the buildables in the current scheme is empty.


Resolved source packages:
  QuickMathsAR: /Users/sumit/Downloads/QuickMathsAR.swiftpm

--- xcodebuild: WARNING: Using the first of multiple matching destinations:
{ platform:iOS Simulator, arch:arm64, id:DFC747D9-700D-435F-A350-82EF7D0FD086, OS:18.2, name:iPhone 16 }
{ platform:iOS Simulator, arch:x86_64, id:DFC747D9-700D-435F-A350-82EF7D0FD086, OS:18.2, name:iPhone 16 }
ComputePackagePrebuildTargetDependencyGraph

Prepare packages

CreateBuildRequest

SendProjectDescription

CreateBuildOperation

ComputeTargetDependencyGraph
note: Building targets in dependency order
note: Target dependency graph (1 target)
    Target 'QuickMathsAR' in project 'QuickMathsAR' (no dependencies)

GatherProvisioningInputs

CreateBuildDescription

ClangStatCache /Applications/Xcode.app/Contents/Developer/Toolchains/XcodeDefault.xctoolchain/usr/bin/clang-stat-cache /Applications/Xcode.app/Contents/Developer/Platforms/iPhoneSimulator.platform/Developer/SDKs/iPhoneSimulator26.2.sdk /Users/sumit/Library/Developer/Xcode/DerivedData/SDKStatCaches.noindex/iphonesimulator26.2-23C53-7d00a8b37fbd7999ea79df8ebc024bf0.sdkstatcache
    cd /Users/sumit/Downloads/QuickMathsAR.swiftpm/.swiftpm/xcode
    /Applications/Xcode.app/Contents/Developer/Toolchains/XcodeDefault.xctoolchain/usr/bin/clang-stat-cache /Applications/Xcode.app/Contents/Developer/Platforms/iPhoneSimulator.platform/Developer/SDKs/iPhoneSimulator26.2.sdk -o /Users/sumit/Library/Developer/Xcode/DerivedData/SDKStatCaches.noindex/iphonesimulator26.2-23C53-7d00a8b37fbd7999ea79df8ebc024bf0.sdkstatcache

warning: Skipping duplicate build file in Compile Sources build phase: /Users/sumit/Downloads/QuickMathsAR.swiftpm/Sources/Resources/Assets.xcassets (in target 'QuickMathsAR' from project 'QuickMathsAR')
** BUILD SUCCEEDED **

